#
# There is insufficient memory for the Java Runtime Environment to continue.
# Native memory allocation (malloc) failed to allocate 1048576 bytes. Error detail: AllocateHeap
# Possible reasons:
#   The system is out of physical RAM or swap space
#   This process is running with CompressedOops enabled, and the Java Heap may be blocking the growth of the native heap
# Possible solutions:
#   Reduce memory load on the system
#   Increase physical memory or swap space
#   Check if swap backing store is full
#   Decrease Java heap size (-Xmx/-Xms)
#   Decrease number of Java threads
#   Decrease Java thread stack sizes (-Xss)
#   Set larger code cache with -XX:ReservedCodeCacheSize=
#   JVM is running with Unscaled Compressed Oops mode in which the Java heap is
#     placed in the first 4GB address space. The Java Heap base address is the
#     maximum limit for the native heap growth. Please use -XX:HeapBaseMinAddress
#     to set the Java Heap base and to place the Java Heap above 4GB virtual address.
# This output file may be truncated or incomplete.
#
#  Out of Memory Error (allocation.cpp:42), pid=25808, tid=1128
#
# JRE version:  (25.0.3+9) (build )
# Java VM: OpenJDK 64-Bit Server VM (25.0.3+9-b508.16, mixed mode, sharing, tiered, compressed oops, compressed class ptrs, g1 gc, windows-amd64)
# No core dump will be written. Minidumps are not enabled by default on client versions of Windows
#

---------------  S U M M A R Y ------------

Command Line: git4idea.http.GitAskPassApp Password for 'https://ProductoAutomatizacion@dev.azure.com/ProductoAutomatizacion/Arquitectura/_git/ProyectoBaseSPCandidato': 

Host: 13th Gen Intel(R) Core(TM) i5-1335U, 12 cores, 15G,  Windows 11 , 64 bit Build 26100 (10.0.26100.8875)
Time: Mon Aug 31 16:40:58 2026 Hora est. Pacífico, Sudamérica elapsed time: 1.059542 seconds (0d 0h 0m 1s)

---------------  T H R E A D  ---------------

Current thread (0x000001c937842150):  JavaThread "Unknown thread" [_thread_in_vm, id=1128, stack(0x000000a1b3400000,0x000000a1b3500000) (1024K)]

Stack: [0x000000a1b3400000,0x000000a1b3500000]
Native frames: (J=compiled Java code, j=interpreted, Vv=VM code, C=native code)
V  [jvm.dll+0x7c2949]  (no source info available)
V  [jvm.dll+0x78c01d]  (no source info available)
V  [jvm.dll+0xa105b3]  (no source info available)
V  [jvm.dll+0xa12dac]  (no source info available)
V  [jvm.dll+0xa134a3]  (no source info available)
V  [jvm.dll+0x308106]  (no source info available)
V  [jvm.dll+0xf99a7]  (no source info available)
V  [jvm.dll+0x3ca5e8]  (no source info available)
V  [jvm.dll+0x9d68cb]  (no source info available)
V  [jvm.dll+0x467992]  (no source info available)
V  [jvm.dll+0x9ba039]  (no source info available)
V  [jvm.dll+0x509dd1]  (no source info available)
V  [jvm.dll+0x50b741]  (no source info available)
C  [jli.dll+0x5422]  (no source info available)
C  [ucrtbase.dll+0x2cd30]  (no source info available)
C  [KERNEL32.DLL+0x2e957]  (no source info available)
C  [ntdll.dll+0xaad6c]  (no source info available)

Lock stack of current Java thread (top to bottom):


---------------  P R O C E S S  ---------------

Threads class SMR info:
_java_thread_list=0x00007ff8af92c108, length=0, elements={
}

Java Threads: ( => current thread )
Total: 0

Other Threads:

=>0x000001c937842150 (exited) JavaThread "Unknown thread"    [_thread_in_vm, id=1128, stack(0x000000a1b3400000,0x000000a1b3500000) (1024K)]
Total: 1

Threads with active compile tasks:
Total: 0

VM state: not at safepoint (not fully initialized)

VM Mutex/Monitor currently owned by a thread: None

Heap address: 0x0000000000000000, size: 0 MB, Compressed Oops mode: 32-bit

CDS archive(s) mapped at: [0x0000000000000000-0x0000000000000000-0x0000000000000000), size 0, SharedBaseAddress: 0x0000000800000000, ArchiveRelocationMode: 1.
UseCompressedClassPointers 1, UseCompactObjectHeaders 0
Narrow klass pointer bits 32, Max shift 3
Narrow klass base: 0xffffffffffffffff, Narrow klass shift: -1
Encoding Range: [0xffffffffffffffff - 0x000000007fffffff), (2147483648 bytes)
Klass Range:    [0x0000000000000000 - 0x0000000000000000), (0 bytes)
Klass ID Range:  [4294967295 - 0) (1)
No protection zone.

GC Precious Log:
 CardTable entry size: 512
 Card Set container configuration: InlinePtr #cards 4 size 8 Array Of Cards #cards 16 size 48 Howl #buckets 8 coarsen threshold 3686 Howl Bitmap #cards 512 size 80 coarsen threshold 460 Card regions per heap region 1 cards per card region 4096

GC Heap Usage History (0 events):
No events

Metaspace Usage History (0 events):
No events

Dll operation events (1 events):
Event: 0.043 Loaded shared library C:\Program Files\JetBrains\IntelliJ IDEA 2026.2\jbr\bin\java.dll

Deoptimization events (0 events):
No events

Classes loaded (0 events):
No events

Classes unloaded (0 events):
No events

Classes redefined (0 events):
No events

Internal exceptions (0 events):
No events

VM Operations (0 events):
No events

Memory protections (0 events):
No events

Nmethod flushes (0 events):
No events

Events (0 events):
No events


Dynamic libraries:
0x00007ff738690000 - 0x00007ff73869a000 	C:\Program Files\JetBrains\IntelliJ IDEA 2026.2\jbr\bin\java.exe
0x00007ff935d80000 - 0x00007ff935fe6000 	C:\Windows\SYSTEM32\ntdll.dll
0x00007ff934590000 - 0x00007ff934659000 	C:\Windows\System32\KERNEL32.DLL
0x00007ff9333d0000 - 0x00007ff9337ce000 	C:\Windows\System32\KERNELBASE.dll
0x00007ff9338a0000 - 0x00007ff9339ec000 	C:\Windows\System32\ucrtbase.dll
0x00007ff91baa0000 - 0x00007ff91bab7000 	C:\Program Files\JetBrains\IntelliJ IDEA 2026.2\jbr\bin\jli.dll
0x00007ff934250000 - 0x00007ff934417000 	C:\Windows\System32\USER32.dll
0x00007ff9333a0000 - 0x00007ff9333c7000 	C:\Windows\System32\win32u.dll
0x00007ff934660000 - 0x00007ff93468b000 	C:\Windows\System32\GDI32.dll
0x00007ff9331b0000 - 0x00007ff9332da000 	C:\Windows\System32\gdi32full.dll
0x00007ff933a00000 - 0x00007ff933aa3000 	C:\Windows\System32\msvcp_win.dll
0x00007ff91bbb0000 - 0x00007ff91bbce000 	C:\Program Files\JetBrains\IntelliJ IDEA 2026.2\jbr\bin\VCRUNTIME140.dll
0x00007ff911590000 - 0x00007ff911822000 	C:\Windows\WinSxS\amd64_microsoft.windows.common-controls_6595b64144ccf1df_6.0.26100.8875_none_3e0d5d42e32fe9dd\COMCTL32.dll
0x00007ff934420000 - 0x00007ff9344c9000 	C:\Windows\System32\msvcrt.dll
0x00007ff935ba0000 - 0x00007ff935bd2000 	C:\Windows\System32\IMM32.DLL
0x00007ff92e1c0000 - 0x00007ff92e1cc000 	C:\Program Files\JetBrains\IntelliJ IDEA 2026.2\jbr\bin\vcruntime140_1.dll
0x00007ff9108a0000 - 0x00007ff910929000 	C:\Program Files\JetBrains\IntelliJ IDEA 2026.2\jbr\bin\msvcp140.dll
0x00007ff8aeb60000 - 0x00007ff8afab5000 	C:\Program Files\JetBrains\IntelliJ IDEA 2026.2\jbr\bin\server\jvm.dll
0x00007ff935c80000 - 0x00007ff935d37000 	C:\Windows\System32\ADVAPI32.dll
0x00007ff934910000 - 0x00007ff9349ba000 	C:\Windows\System32\sechost.dll
0x00007ff9349c0000 - 0x00007ff934ad8000 	C:\Windows\System32\RPCRT4.dll
0x00007ff935bf0000 - 0x00007ff935c70000 	C:\Windows\System32\WS2_32.dll
0x00007ff9327b0000 - 0x00007ff93280e000 	C:\Windows\SYSTEM32\POWRPROF.dll
0x00007ff92e320000 - 0x00007ff92e356000 	C:\Windows\SYSTEM32\WINMM.dll
0x00007ff911a20000 - 0x00007ff911a2b000 	C:\Windows\SYSTEM32\VERSION.dll
0x00007ff932790000 - 0x00007ff9327a4000 	C:\Windows\SYSTEM32\UMPDC.dll
0x00007ff930ee0000 - 0x00007ff930efb000 	C:\Windows\SYSTEM32\kernel.appcore.dll
0x00007ff91bba0000 - 0x00007ff91bbaa000 	C:\Program Files\JetBrains\IntelliJ IDEA 2026.2\jbr\bin\jimage.dll
0x00007ff92f3a0000 - 0x00007ff92f5e2000 	C:\Windows\SYSTEM32\DBGHELP.DLL
0x00007ff933b70000 - 0x00007ff933ef3000 	C:\Windows\System32\combase.dll
0x00007ff934820000 - 0x00007ff9348f9000 	C:\Windows\System32\OLEAUT32.dll
0x00007ff9119e0000 - 0x00007ff911a1b000 	C:\Windows\SYSTEM32\dbgcore.DLL
0x00007ff9332e0000 - 0x00007ff93338c000 	C:\Windows\System32\bcryptPrimitives.dll
0x00007ff91a1d0000 - 0x00007ff91a1ef000 	C:\Program Files\JetBrains\IntelliJ IDEA 2026.2\jbr\bin\java.dll
0x00007ff935090000 - 0x00007ff935229000 	C:\Windows\System32\ole32.dll
0x00007ff935300000 - 0x00007ff935a92000 	C:\Windows\System32\SHELL32.dll

JVMTI agents: none

dbghelp: loaded successfully - version: 4.0.5 - missing functions: none
symbol engine: initialized successfully - sym options: 0x614 - pdb path: .;C:\Program Files\JetBrains\IntelliJ IDEA 2026.2\jbr\bin;C:\Windows\SYSTEM32;C:\Windows\WinSxS\amd64_microsoft.windows.common-controls_6595b64144ccf1df_6.0.26100.8875_none_3e0d5d42e32fe9dd;C:\Program Files\JetBrains\IntelliJ IDEA 2026.2\jbr\bin\server

VM Arguments:
java_command: git4idea.http.GitAskPassApp Password for 'https://ProductoAutomatizacion@dev.azure.com/ProductoAutomatizacion/Arquitectura/_git/ProyectoBaseSPCandidato': 
java_class_path (initial): C:/Program Files/JetBrains/IntelliJ IDEA 2026.2/plugins/vcs-git/lib/git4idea-rt.jar;C:/Program Files/JetBrains/IntelliJ IDEA 2026.2/lib/externalProcess-rt.jar
Launcher Type: SUN_STANDARD

[Global flags]
     intx CICompilerCount                          = 4                                         {product} {ergonomic}
     uint ConcGCThreads                            = 3                                         {product} {ergonomic}
     uint G1ConcRefinementThreads                  = 10                                        {product} {ergonomic}
   size_t G1HeapRegionSize                         = 2097152                                   {product} {ergonomic}
   size_t InitialHeapSize                          = 264241152                                 {product} {ergonomic}
   size_t MarkStackSize                            = 4194304                                   {product} {ergonomic}
   size_t MaxHeapSize                              = 4211081216                                {product} {ergonomic}
   size_t MinHeapDeltaBytes                        = 2097152                                   {product} {ergonomic}
   size_t MinHeapSize                              = 8388608                                   {product} {ergonomic}
    uintx NonNMethodCodeHeapSize                   = 5898240                                {pd product} {ergonomic}
    uintx NonProfiledCodeHeapSize                  = 122945536                              {pd product} {ergonomic}
    uintx ProfiledCodeHeapSize                     = 122945536                              {pd product} {ergonomic}
    uintx ReservedCodeCacheSize                    = 251789312                              {pd product} {ergonomic}
     bool SegmentedCodeCache                       = true                                      {product} {ergonomic}
   size_t SoftMaxHeapSize                          = 4211081216                             {manageable} {ergonomic}
     bool UseCompressedOops                        = true                           {product lp64_product} {ergonomic}
     bool UseG1GC                                  = true                                      {product} {ergonomic}
     bool UseLargePagesIndividualAllocation        = false                                  {pd product} {ergonomic}

Logging:
Log output configuration:
 #0: stdout all=warning uptime,level,tags foldmultilines=false
 #1: stderr all=off uptime,level,tags foldmultilines=false

Release file:
<release file has not been read>
Environment Variables:
JAVA_HOME=C:\Program Files\Amazon Corretto\jdk21.0.10_7
PATH=C:/Program Files/Git/mingw64/libexec/git-core;C:/Program Files/Git/mingw64/libexec/git-core;C:\Program Files\Git\mingw64\bin;C:\Program Files\Git\usr\bin;C:\Users\spenac\bin;C:\Program Files\Amazon Corretto\jdk21.0.10_7\bin;C:\Program Files\Microsoft\jdk-21.0.10.7-hotspot\bin;C:\Program Files (x86)\Common Files\Oracle\Java\java8path;C:\Program Files (x86)\Common Files\Oracle\Java\javapath;C:\Program Files\Eclipse Adoptium\jdk-11.0.28.6-hotspot\bin;C:\Windows\system32;C:\Windows;C:\Windows\System32\Wbem;C:\Windows\System32\WindowsPowerShell\v1.0\;C:\Windows\System32\OpenSSH\;C:\ProgramData\chocolatey\bin;C:\Program Files\Git\cmd;C:\Program Files\nodejs\;C:\Program Files\Microsoft VS Code\bin;C:\Program Files\Amazon Corretto\jdk21.0.10_7\bin;C:\Users\spenac\AppData\Local\Microsoft\WindowsApps;C:\Program Files (x86)\BrowserStackLocal\
USERNAME=spenac
DISPLAY=:0.0
LC_ALL=en_US.UTF-8
TERM=xterm-256color
TMPDIR=C:\Users\spenac\AppData\Local\Temp
OS=Windows_NT
PROCESSOR_IDENTIFIER=Intel64 Family 6 Model 186 Stepping 3, GenuineIntel
TMP=C:\Users\spenac\AppData\Local\Temp
TEMP=C:\Users\spenac\AppData\Local\Temp




Compilation memory statistics disabled.

Periodic native trim disabled

JNI global refs:
JNI global refs: 0, weak refs: 0

JNI global refs memory usage: 0, weak refs: 0

Process memory usage:
Resident Set Size: 14548K (0% of 16442532K total physical memory with 2091444K free physical memory)

OOME stack traces (most recent first):
Classloader memory used:

---------------  S Y S T E M  ---------------

OS:
 Windows 11 , 64 bit Build 26100 (10.0.26100.8875)
OS uptime: 5 days 8:23 hours
Hyper-V role detected

CPU: total 12 (initial active 12) (6 cores per cpu, 2 threads per core) family 6 model 186 stepping 3 microcode 0x4121, cx8, cmov, fxsr, ht, mmx, 3dnowpref, sse, sse2, sse3, ssse3, sse4.1, sse4.2, popcnt, lzcnt, tsc, tscinvbit, avx, avx2, aes, erms, clmul, bmi1, bmi2, adx, sha, fma, vzeroupper, clflush, clflushopt, clwb, hv, serialize, rdtscp, rdpid, fsrm, gfni, f16c, cet_ibt, cet_ss
Processor Information for processor 0
  Max Mhz: 1300, Current Mhz: 1300, Mhz Limit: 1300
Processor Information for processor 1
  Max Mhz: 1300, Current Mhz: 1300, Mhz Limit: 1300
Processor Information for processor 2
  Max Mhz: 1300, Current Mhz: 1300, Mhz Limit: 1300
Processor Information for processor 3
  Max Mhz: 1300, Current Mhz: 1300, Mhz Limit: 1300
Processor Information for processor 4
  Max Mhz: 1300, Current Mhz: 900, Mhz Limit: 897
Processor Information for processor 5
  Max Mhz: 1300, Current Mhz: 900, Mhz Limit: 897
Processor Information for processor 6
  Max Mhz: 1300, Current Mhz: 900, Mhz Limit: 897
Processor Information for processor 7
  Max Mhz: 1300, Current Mhz: 900, Mhz Limit: 897
Processor Information for processor 8
  Max Mhz: 1300, Current Mhz: 900, Mhz Limit: 897
Processor Information for processor 9
  Max Mhz: 1300, Current Mhz: 900, Mhz Limit: 897
Processor Information for processor 10
  Max Mhz: 1300, Current Mhz: 900, Mhz Limit: 897
Processor Information for processor 11
  Max Mhz: 1300, Current Mhz: 900, Mhz Limit: 897

Memory: 4k page, system-wide physical 16057M (2042M free)
TotalPageFile size 65209M (AvailPageFile size 91M)
current process WorkingSet (physical memory assigned to process): 14M, peak: 14M
current process commit charge ("private bytes"): 13M, peak: 13M

vm_info: OpenJDK 64-Bit Server VM (25.0.3+9-b508.16) for windows-amd64 JRE (25.0.3+9-b508.16), built on 2026-06-22 with MS VC++ 17.14 (VS2022)

END.
